// Vitest Snapshot v1, https://vitest.dev/guide/snapshot.html

exports[`Slider hero search > captures hero widget snapshots for desktop, tablet, and mobile > hero-widget-desktop 1`] = `
<DocumentFragment>
  <div
    data-router="true"
  >
    <section
      class="w-full bg-bg-muted text-text-primary"
    >
      <div
        class="relative isolate overflow-hidden min-h-[75vh] md:min-h-[70vh] flex items-center justify-center bg-cover bg-center bg-no-repeat pt-[calc(var(--nav-height,80px)+1rem)]"
        style="background-image: url(https://atlashomestorage.blob.core.windows.net/listing-images/fallback.jpeg);"
      >
        <div
          aria-hidden="true"
          class="pointer-events-none absolute inset-0 opacity-95"
          data-testid="hero-overlay"
          style="background-color: rgba(3, 6, 14, 0.74); background-image: url(linear-gradient-overlay);"
        />
        <div
          class="relative z-10 flex max-w-4xl flex-col items-center gap-7 px-4 pb-12 text-center sm:px-6 md:pt-3"
        >
          <a
            class="flex items-center gap-3"
            href="/"
          >
            <img
              alt="Atlas Homestays"
              class="h-14 w-auto rounded-md bg-[color:color-mix(in_srgb,var(--bg-surface)_88%,transparent)] p-2 shadow-level2"
              src="https://atlashomestorage.blob.core.windows.net/listing-images/logo-removebg-preview%20(3).be48d403.webp"
            />
            <span
              class="text-xl font-semibold text-[var(--text-contrast)] tracking-wide"
            >
              Atlas Homestays
            </span>
          </a>
          <div
            class="space-y-4 max-w-3xl"
          >
            <h1
              class="text-4xl md:text-6xl font-bold leading-tight text-[var(--text-on-hero)] drop-shadow-lg text-pretty"
              style="text-wrap: balance;"
            >
              Thoughtfully curated stays in Hyderabad
            </h1>
            <h2
              class="text-lg md:text-xl font-medium text-[color-mix(in_srgb,var(--text-on-hero)_88%,transparent)] text-pretty"
              style="text-wrap: balance;"
            >
              Discover verified apartments with flexible bookings, transparent pricing, and secure payments.
            </h2>
          </div>
          <form
            class="hero-form w-full max-w-5xl rounded-3xl bg-[color:color-mix(in_srgb,var(--bg-surface)_96%,rgba(3,6,14,0.45))] shadow-[0_20px_60px_rgba(0,0,0,0.45)] backdrop-blur-md border border-[color:color-mix(in_srgb,var(--bg-surface)_60%,transparent)] p-4 sm:p-5 md:p-6 flex flex-col gap-4 sm:gap-5"
            data-testid="hero-widget"
          >
            <div
              aria-live="polite"
              class="sr-only"
              role="status"
            >
              Hero form ready
            </div>
            <div
              class="hero-form-grid grid grid-cols-1 gap-3 sm:gap-4 md:grid-cols-2 md:auto-rows-fr lg:grid-cols-4 lg:gap-5"
            >
              <div
                class="relative"
              >
                <button
                  aria-expanded="false"
                  aria-label="Select check-in date"
                  class="flex h-full min-h-[112px] flex-col justify-between rounded-2xl border border-[color:color-mix(in_srgb,var(--border-subtle)_80%,transparent)] bg-[color:color-mix(in_srgb,var(--bg-muted)_92%,var(--bg-surface))] px-4 py-4 sm:px-5 sm:py-5 shadow-[0_12px_36px_rgba(6,8,15,0.32)] text-left transition focus-visible:outline focus-visible:outline-2 focus-visible:outline-offset-2 focus-visible:outline-cta-secondary"
                  data-testid="hero-date-toggle"
                  type="button"
                >
                  <span
                    class="flex items-center gap-2 text-xs font-semibold uppercase tracking-[0.08em] text-[color-mix(in_srgb,var(--text-primary)_80%,transparent)] whitespace-nowrap"
                  >
                    <svg
                      aria-hidden="true"
                      class="lucide lucide-calendar-range h-4 w-4 shrink-0"
                      fill="none"
                      height="24"
                      stroke="currentColor"
                      stroke-linecap="round"
                      stroke-linejoin="round"
                      stroke-width="2"
                      viewBox="0 0 24 24"
                      width="24"
                      xmlns="http://www.w3.org/2000/svg"
                    >
                      <rect
                        height="18"
                        rx="2"
                        width="18"
                        x="3"
                        y="4"
                      />
                      <path
                        d="M16 2v4"
                      />
                      <path
                        d="M3 10h18"
                      />
                      <path
                        d="M8 2v4"
                      />
                      <path
                        d="M17 14h-6"
                      />
                      <path
                        d="M13 18H7"
                      />
                      <path
                        d="M7 14h.01"
                      />
                      <path
                        d="M17 18h.01"
                      />
                    </svg>
                    <span
                      class="truncate"
                    >
                      Check-in
                    </span>
                  </span>
                  <span
                    class="mt-3 flex items-center justify-between gap-2 text-lg font-semibold text-text-primary leading-tight"
                  >
                    22 Dec 2025
                    <svg
                      aria-hidden="true"
                      class="lucide lucide-chevron-down h-4 w-4 shrink-0 text-text-muted transition"
                      fill="none"
                      height="24"
                      stroke="currentColor"
                      stroke-linecap="round"
                      stroke-linejoin="round"
                      stroke-width="2"
                      viewBox="0 0 24 24"
                      width="24"
                      xmlns="http://www.w3.org/2000/svg"
                    >
                      <path
                        d="m6 9 6 6 6-6"
                      />
                    </svg>
                  </span>
                  <span
                    class="mt-2 text-sm leading-snug text-[color-mix(in_srgb,var(--text-primary)_78%,transparent)]"
                  >
                    Earliest available date shown.
                  </span>
                </button>
              </div>
              <button
                aria-expanded="false"
                aria-label="Select check-out date"
                class="flex h-full min-h-[112px] flex-col justify-between rounded-2xl border border-[color:color-mix(in_srgb,var(--border-subtle)_80%,transparent)] bg-[color:color-mix(in_srgb,var(--bg-muted)_92%,var(--bg-surface))] px-4 py-4 sm:px-5 sm:py-5 shadow-[0_12px_36px_rgba(6,8,15,0.32)] text-left transition focus-visible:outline focus-visible:outline-2 focus-visible:outline-offset-2 focus-visible:outline-cta-secondary md:-ml-[1px]"
                type="button"
              >
                <span
                  class="flex items-center gap-2 text-xs font-semibold uppercase tracking-[0.08em] text-[color-mix(in_srgb,var(--text-primary)_80%,transparent)] whitespace-nowrap"
                >
                  <svg
                    aria-hidden="true"
                    class="lucide lucide-calendar-range h-4 w-4 shrink-0"
                    fill="none"
                    height="24"
                    stroke="currentColor"
                    stroke-linecap="round"
                    stroke-linejoin="round"
                    stroke-width="2"
                    viewBox="0 0 24 24"
                    width="24"
                    xmlns="http://www.w3.org/2000/svg"
                  >
                    <rect
                      height="18"
                      rx="2"
                      width="18"
                      x="3"
                      y="4"
                    />
                    <path
                      d="M16 2v4"
                    />
                    <path
                      d="M3 10h18"
                    />
                    <path
                      d="M8 2v4"
                    />
                    <path
                      d="M17 14h-6"
                    />
                    <path
                      d="M13 18H7"
                    />
                    <path
                      d="M7 14h.01"
                    />
                    <path
                      d="M17 18h.01"
                    />
                  </svg>
                  <span
                    class="truncate"
                  >
                    Check-out
                  </span>
                </span>
                <span
                  class="mt-3 flex items-center justify-between gap-2 text-lg font-semibold text-text-primary leading-tight"
                >
                  23 Dec 2025
                  <svg
                    aria-hidden="true"
                    class="lucide lucide-chevron-down h-4 w-4 shrink-0 text-text-muted transition"
                    fill="none"
                    height="24"
                    stroke="currentColor"
                    stroke-linecap="round"
                    stroke-linejoin="round"
                    stroke-width="2"
                    viewBox="0 0 24 24"
                    width="24"
                    xmlns="http://www.w3.org/2000/svg"
                  >
                    <path
                      d="m6 9 6 6 6-6"
                    />
                  </svg>
                </span>
                <span
                  class="mt-2 text-sm leading-snug text-[color-mix(in_srgb,var(--text-primary)_78%,transparent)]"
                >
                  Ensure your stay ends after check-in.
                </span>
              </button>
              <div
                class="flex h-full min-h-[112px] flex-col justify-between rounded-2xl border border-[color:color-mix(in_srgb,var(--border-subtle)_80%,transparent)] bg-[color:color-mix(in_srgb,var(--bg-muted)_92%,var(--bg-surface))] px-4 py-4 sm:px-5 sm:py-5 shadow-[0_12px_36px_rgba(6,8,15,0.32)] text-left md:-ml-[1px]"
              >
                <span
                  class="flex items-center gap-2 text-xs font-semibold uppercase tracking-[0.08em] text-[color-mix(in_srgb,var(--text-primary)_80%,transparent)] whitespace-nowrap"
                >
                  <svg
                    aria-hidden="true"
                    class="lucide lucide-users h-4 w-4 shrink-0"
                    fill="none"
                    height="24"
                    stroke="currentColor"
                    stroke-linecap="round"
                    stroke-linejoin="round"
                    stroke-width="2"
                    viewBox="0 0 24 24"
                    width="24"
                    xmlns="http://www.w3.org/2000/svg"
                  >
                    <path
                      d="M16 21v-2a4 4 0 0 0-4-4H6a4 4 0 0 0-4 4v2"
                    />
                    <circle
                      cx="9"
                      cy="7"
                      r="4"
                    />
                    <path
                      d="M22 21v-2a4 4 0 0 0-3-3.87"
                    />
                    <path
                      d="M16 3.13a4 4 0 0 1 0 7.75"
                    />
                  </svg>
                  <span
                    class="truncate"
                  >
                    Guests
                  </span>
                </span>
                <div
                  class="mt-3 flex items-center justify-between gap-3"
                >
                  <button
                    aria-label="Decrease guests"
                    class="inline-flex h-11 w-11 sm:h-12 sm:w-12 items-center justify-center rounded-full border border-border-subtle text-lg font-semibold text-text-primary transition hover:border-text-primary focus-visible:outline focus-visible:outline-2 focus-visible:outline-offset-2 focus-visible:outline-cta-secondary disabled:opacity-40 disabled:hover:border-border-subtle"
                    type="button"
                  >
                    −
                  </button>
                  <div
                    class="flex flex-col items-center"
                  >
                    <span
                      class="text-lg font-semibold text-text-primary"
                    >
                      2
                    </span>
                    <span
                      class="text-xs font-medium text-text-muted"
                    >
                      guests
                    </span>
                  </div>
                  <button
                    aria-label="Increase guests"
                    class="inline-flex h-11 w-11 sm:h-12 sm:w-12 items-center justify-center rounded-full border border-border-subtle text-lg font-semibold text-text-primary transition hover:border-text-primary focus-visible:outline focus-visible:outline-2 focus-visible:outline-offset-2 focus-visible:outline-cta-secondary"
                    type="button"
                  >
                    +
                  </button>
                </div>
                <span
                  class="mt-2 text-sm leading-snug text-[color-mix(in_srgb,var(--text-primary)_78%,transparent)]"
                >
                  Defaulting to 2 guests; adjust anytime.
                </span>
              </div>
              <div
                class="flex h-full min-h-[112px] flex-col justify-between rounded-2xl border border-[color:color-mix(in_srgb,var(--border-subtle)_80%,transparent)] bg-[color:color-mix(in_srgb,var(--bg-muted)_92%,var(--bg-surface))] px-4 py-4 sm:px-5 sm:py-5 shadow-[0_12px_36px_rgba(6,8,15,0.32)] md:-ml-[1px] lg:min-h-[112px] lg:items-stretch lg:justify-center"
              >
                <button
                  aria-busy="false"
                  class="inline-flex h-14 min-h-[56px] w-full items-center justify-center rounded-xl bg-cta-primary px-6 text-base font-semibold text-[var(--text-contrast)] shadow-[0_16px_38px_rgba(12,86,255,0.32)] transition hover:bg-cta-secondary focus-visible:outline focus-visible:outline-2 focus-visible:outline-offset-2 focus-visible:outline-cta-secondary disabled:cursor-not-allowed disabled:bg-[color:color-mix(in_srgb,var(--cta-primary)_70%,var(--bg-muted))] disabled:text-[color-mix(in_srgb,var(--text-contrast)_82%,transparent)] disabled:shadow-none aria-busy:cursor-progress aria-busy:opacity-90 whitespace-nowrap"
                  type="submit"
                >
                  Check availability
                </button>
                <a
                  class="inline-flex items-center justify-center text-sm font-semibold text-text-muted underline-offset-4 transition hover:text-cta-secondary hover:underline focus-visible:outline focus-visible:outline-2 focus-visible:outline-offset-2 focus-visible:outline-cta-secondary whitespace-nowrap"
                  href="/#our-homes"
                >
                  Browse listings
                </a>
              </div>
            </div>
            <div
              class="flex flex-col gap-2 rounded-2xl bg-[color:color-mix(in_srgb,var(--bg-surface)_94%,transparent)] px-4 py-4 text-left shadow-inner md:flex-row md:items-center md:gap-4"
            >
              <div
                class="flex items-center gap-2 text-sm font-semibold text-text-primary"
              >
                <svg
                  aria-hidden="true"
                  class="lucide lucide-shield-check h-4 w-4 text-cta-secondary"
                  fill="none"
                  height="24"
                  stroke="currentColor"
                  stroke-linecap="round"
                  stroke-linejoin="round"
                  stroke-width="2"
                  viewBox="0 0 24 24"
                  width="24"
                  xmlns="http://www.w3.org/2000/svg"
                >
                  <path
                    d="M20 13c0 5-3.5 7.5-7.66 8.95a1 1 0 0 1-.67-.01C7.5 20.5 4 18 4 13V6a1 1 0 0 1 1-1c2 0 4.5-1.2 6.24-2.72a1.17 1.17 0 0 1 1.52 0C14.51 3.81 17 5 19 5a1 1 0 0 1 1 1z"
                  />
                  <path
                    d="m9 12 2 2 4-4"
                  />
                </svg>
                <span>
                  Book with confidence
                </span>
              </div>
              <p
                class="text-sm text-[color-mix(in_srgb,var(--text-primary)_78%,transparent)] md:border-l md:border-[color:color-mix(in_srgb,var(--text-muted)_60%,transparent)] md:pl-4"
              >
                Instant confirmation • Secure payments • No hidden charges
              </p>
            </div>
          </form>
        </div>
      </div>
      <div
        class="bg-bg-surface"
        data-testid="trust-badges"
      >
        <div
          class="mx-auto -mt-4 flex max-w-5xl flex-wrap items-center justify-center gap-3 px-4 pb-6 pt-2 sm:px-6 md:gap-4 md:pb-8 md:pt-0"
        >
          <div
            class="rb-trust-badge min-w-[215px] justify-center sm:min-w-[0]"
            tabindex="0"
          >
            <span
              aria-hidden="true"
              class="rb-trust-badge__icon"
            >
              <svg
                class="lucide lucide-circle-check"
                fill="none"
                height="20"
                stroke="currentColor"
                stroke-linecap="round"
                stroke-linejoin="round"
                stroke-width="2.1"
                viewBox="0 0 24 24"
                width="20"
                xmlns="http://www.w3.org/2000/svg"
              >
                <circle
                  cx="12"
                  cy="12"
                  r="10"
                />
                <path
                  d="m9 12 2 2 4-4"
                />
              </svg>
            </span>
            <span
              class="rb-trust-badge__label"
            >
              Verified homes
            </span>
          </div>
          <div
            class="rb-trust-badge min-w-[215px] justify-center sm:min-w-[0]"
            tabindex="0"
          >
            <span
              aria-hidden="true"
              class="rb-trust-badge__icon"
            >
              <svg
                class="lucide lucide-shield-check"
                fill="none"
                height="20"
                stroke="currentColor"
                stroke-linecap="round"
                stroke-linejoin="round"
                stroke-width="2.1"
                viewBox="0 0 24 24"
                width="20"
                xmlns="http://www.w3.org/2000/svg"
              >
                <path
                  d="M20 13c0 5-3.5 7.5-7.66 8.95a1 1 0 0 1-.67-.01C7.5 20.5 4 18 4 13V6a1 1 0 0 1 1-1c2 0 4.5-1.2 6.24-2.72a1.17 1.17 0 0 1 1.52 0C14.51 3.81 17 5 19 5a1 1 0 0 1 1 1z"
                />
                <path
                  d="m9 12 2 2 4-4"
                />
              </svg>
            </span>
            <span
              class="rb-trust-badge__label"
            >
              Secure Razorpay payments
            </span>
          </div>
          <div
            class="rb-trust-badge min-w-[215px] justify-center sm:min-w-[0]"
            tabindex="0"
          >
            <span
              aria-hidden="true"
              class="rb-trust-badge__icon"
            >
              <svg
                class="lucide lucide-badge-percent"
                fill="none"
                height="20"
                stroke="currentColor"
                stroke-linecap="round"
                stroke-linejoin="round"
                stroke-width="2.1"
                viewBox="0 0 24 24"
                width="20"
                xmlns="http://www.w3.org/2000/svg"
              >
                <path
                  d="M3.85 8.62a4 4 0 0 1 4.78-4.77 4 4 0 0 1 6.74 0 4 4 0 0 1 4.78 4.78 4 4 0 0 1 0 6.74 4 4 0 0 1-4.77 4.78 4 4 0 0 1-6.75 0 4 4 0 0 1-4.78-4.77 4 4 0 0 1 0-6.76Z"
                />
                <path
                  d="m15 9-6 6"
                />
                <path
                  d="M9 9h.01"
                />
                <path
                  d="M15 15h.01"
                />
              </svg>
            </span>
            <span
              class="rb-trust-badge__label"
            >
              No hidden fees
            </span>
          </div>
        </div>
      </div>
    </section>
  </div>
</DocumentFragment>
`;

exports[`Slider hero search > captures hero widget snapshots for desktop, tablet, and mobile > hero-widget-mobile 1`] = `
<DocumentFragment>
  <div
    data-router="true"
  >
    <section
      class="w-full bg-bg-muted text-text-primary"
    >
      <div
        class="relative isolate overflow-hidden min-h-[75vh] md:min-h-[70vh] flex items-center justify-center bg-cover bg-center bg-no-repeat pt-[calc(var(--nav-height,80px)+1rem)]"
        style="background-image: url(https://atlashomestorage.blob.core.windows.net/listing-images/fallback.jpeg);"
      >
        <div
          aria-hidden="true"
          class="pointer-events-none absolute inset-0 opacity-95"
          data-testid="hero-overlay"
          style="background-color: rgba(3, 6, 14, 0.74); background-image: url(linear-gradient-overlay);"
        />
        <div
          class="relative z-10 flex max-w-4xl flex-col items-center gap-7 px-4 pb-12 text-center sm:px-6 md:pt-3"
        >
          <a
            class="flex items-center gap-3"
            href="/"
          >
            <img
              alt="Atlas Homestays"
              class="h-14 w-auto rounded-md bg-[color:color-mix(in_srgb,var(--bg-surface)_88%,transparent)] p-2 shadow-level2"
              src="https://atlashomestorage.blob.core.windows.net/listing-images/logo-removebg-preview%20(3).be48d403.webp"
            />
            <span
              class="text-xl font-semibold text-[var(--text-contrast)] tracking-wide"
            >
              Atlas Homestays
            </span>
          </a>
          <div
            class="space-y-4 max-w-3xl"
          >
            <h1
              class="text-4xl md:text-6xl font-bold leading-tight text-[var(--text-on-hero)] drop-shadow-lg text-pretty"
              style="text-wrap: balance;"
            >
              Thoughtfully curated stays in Hyderabad
            </h1>
            <h2
              class="text-lg md:text-xl font-medium text-[color-mix(in_srgb,var(--text-on-hero)_88%,transparent)] text-pretty"
              style="text-wrap: balance;"
            >
              Discover verified apartments with flexible bookings, transparent pricing, and secure payments.
            </h2>
          </div>
          <form
            class="hero-form w-full max-w-5xl rounded-3xl bg-[color:color-mix(in_srgb,var(--bg-surface)_96%,rgba(3,6,14,0.45))] shadow-[0_20px_60px_rgba(0,0,0,0.45)] backdrop-blur-md border border-[color:color-mix(in_srgb,var(--bg-surface)_60%,transparent)] p-4 sm:p-5 md:p-6 flex flex-col gap-4 sm:gap-5"
            data-testid="hero-widget"
          >
            <div
              aria-live="polite"
              class="sr-only"
              role="status"
            >
              Hero form ready
            </div>
            <div
              class="hero-form-grid grid grid-cols-1 gap-3 sm:gap-4 md:grid-cols-2 md:auto-rows-fr lg:grid-cols-4 lg:gap-5"
            >
              <div
                class="relative"
              >
                <button
                  aria-expanded="false"
                  aria-label="Select check-in date"
                  class="flex h-full min-h-[112px] flex-col justify-between rounded-2xl border border-[color:color-mix(in_srgb,var(--border-subtle)_80%,transparent)] bg-[color:color-mix(in_srgb,var(--bg-muted)_92%,var(--bg-surface))] px-4 py-4 sm:px-5 sm:py-5 shadow-[0_12px_36px_rgba(6,8,15,0.32)] text-left transition focus-visible:outline focus-visible:outline-2 focus-visible:outline-offset-2 focus-visible:outline-cta-secondary"
                  data-testid="hero-date-toggle"
                  type="button"
                >
                  <span
                    class="flex items-center gap-2 text-xs font-semibold uppercase tracking-[0.08em] text-[color-mix(in_srgb,var(--text-primary)_80%,transparent)] whitespace-nowrap"
                  >
                    <svg
                      aria-hidden="true"
                      class="lucide lucide-calendar-range h-4 w-4 shrink-0"
                      fill="none"
                      height="24"
                      stroke="currentColor"
                      stroke-linecap="round"
                      stroke-linejoin="round"
                      stroke-width="2"
                      viewBox="0 0 24 24"
                      width="24"
                      xmlns="http://www.w3.org/2000/svg"
                    >
                      <rect
                        height="18"
                        rx="2"
                        width="18"
                        x="3"
                        y="4"
                      />
                      <path
                        d="M16 2v4"
                      />
                      <path
                        d="M3 10h18"
                      />
                      <path
                        d="M8 2v4"
                      />
                      <path
                        d="M17 14h-6"
                      />
                      <path
                        d="M13 18H7"
                      />
                      <path
                        d="M7 14h.01"
                      />
                      <path
                        d="M17 18h.01"
                      />
                    </svg>
                    <span
                      class="truncate"
                    >
                      Check-in
                    </span>
                  </span>
                  <span
                    class="mt-3 flex items-center justify-between gap-2 text-lg font-semibold text-text-primary leading-tight"
                  >
                    22 Dec 2025
                    <svg
                      aria-hidden="true"
                      class="lucide lucide-chevron-down h-4 w-4 shrink-0 text-text-muted transition"
                      fill="none"
                      height="24"
                      stroke="currentColor"
                      stroke-linecap="round"
                      stroke-linejoin="round"
                      stroke-width="2"
                      viewBox="0 0 24 24"
                      width="24"
                      xmlns="http://www.w3.org/2000/svg"
                    >
                      <path
                        d="m6 9 6 6 6-6"
                      />
                    </svg>
                  </span>
                  <span
                    class="mt-2 text-sm leading-snug text-[color-mix(in_srgb,var(--text-primary)_78%,transparent)]"
                  >
                    Earliest available date shown.
                  </span>
                </button>
              </div>
              <button
                aria-expanded="false"
                aria-label="Select check-out date"
                class="flex h-full min-h-[112px] flex-col justify-between rounded-2xl border border-[color:color-mix(in_srgb,var(--border-subtle)_80%,transparent)] bg-[color:color-mix(in_srgb,var(--bg-muted)_92%,var(--bg-surface))] px-4 py-4 sm:px-5 sm:py-5 shadow-[0_12px_36px_rgba(6,8,15,0.32)] text-left transition focus-visible:outline focus-visible:outline-2 focus-visible:outline-offset-2 focus-visible:outline-cta-secondary md:-ml-[1px]"
                type="button"
              >
                <span
                  class="flex items-center gap-2 text-xs font-semibold uppercase tracking-[0.08em] text-[color-mix(in_srgb,var(--text-primary)_80%,transparent)] whitespace-nowrap"
                >
                  <svg
                    aria-hidden="true"
                    class="lucide lucide-calendar-range h-4 w-4 shrink-0"
                    fill="none"
                    height="24"
                    stroke="currentColor"
                    stroke-linecap="round"
                    stroke-linejoin="round"
                    stroke-width="2"
                    viewBox="0 0 24 24"
                    width="24"
                    xmlns="http://www.w3.org/2000/svg"
                  >
                    <rect
                      height="18"
                      rx="2"
                      width="18"
                      x="3"
                      y="4"
                    />
                    <path
                      d="M16 2v4"
                    />
                    <path
                      d="M3 10h18"
                    />
                    <path
                      d="M8 2v4"
                    />
                    <path
                      d="M17 14h-6"
                    />
                    <path
                      d="M13 18H7"
                    />
                    <path
                      d="M7 14h.01"
                    />
                    <path
                      d="M17 18h.01"
                    />
                  </svg>
                  <span
                    class="truncate"
                  >
                    Check-out
                  </span>
                </span>
                <span
                  class="mt-3 flex items-center justify-between gap-2 text-lg font-semibold text-text-primary leading-tight"
                >
                  23 Dec 2025
                  <svg
                    aria-hidden="true"
                    class="lucide lucide-chevron-down h-4 w-4 shrink-0 text-text-muted transition"
                    fill="none"
                    height="24"
                    stroke="currentColor"
                    stroke-linecap="round"
                    stroke-linejoin="round"
                    stroke-width="2"
                    viewBox="0 0 24 24"
                    width="24"
                    xmlns="http://www.w3.org/2000/svg"
                  >
                    <path
                      d="m6 9 6 6 6-6"
                    />
                  </svg>
                </span>
                <span
                  class="mt-2 text-sm leading-snug text-[color-mix(in_srgb,var(--text-primary)_78%,transparent)]"
                >
                  Ensure your stay ends after check-in.
                </span>
              </button>
              <div
                class="flex h-full min-h-[112px] flex-col justify-between rounded-2xl border border-[color:color-mix(in_srgb,var(--border-subtle)_80%,transparent)] bg-[color:color-mix(in_srgb,var(--bg-muted)_92%,var(--bg-surface))] px-4 py-4 sm:px-5 sm:py-5 shadow-[0_12px_36px_rgba(6,8,15,0.32)] text-left md:-ml-[1px]"
              >
                <span
                  class="flex items-center gap-2 text-xs font-semibold uppercase tracking-[0.08em] text-[color-mix(in_srgb,var(--text-primary)_80%,transparent)] whitespace-nowrap"
                >
                  <svg
                    aria-hidden="true"
                    class="lucide lucide-users h-4 w-4 shrink-0"
                    fill="none"
                    height="24"
                    stroke="currentColor"
                    stroke-linecap="round"
                    stroke-linejoin="round"
                    stroke-width="2"
                    viewBox="0 0 24 24"
                    width="24"
                    xmlns="http://www.w3.org/2000/svg"
                  >
                    <path
                      d="M16 21v-2a4 4 0 0 0-4-4H6a4 4 0 0 0-4 4v2"
                    />
                    <circle
                      cx="9"
                      cy="7"
                      r="4"
                    />
                    <path
                      d="M22 21v-2a4 4 0 0 0-3-3.87"
                    />
                    <path
                      d="M16 3.13a4 4 0 0 1 0 7.75"
                    />
                  </svg>
                  <span
                    class="truncate"
                  >
                    Guests
                  </span>
                </span>
                <div
                  class="mt-3 flex items-center justify-between gap-3"
                >
                  <button
                    aria-label="Decrease guests"
                    class="inline-flex h-11 w-11 sm:h-12 sm:w-12 items-center justify-center rounded-full border border-border-subtle text-lg font-semibold text-text-primary transition hover:border-text-primary focus-visible:outline focus-visible:outline-2 focus-visible:outline-offset-2 focus-visible:outline-cta-secondary disabled:opacity-40 disabled:hover:border-border-subtle"
                    type="button"
                  >
                    −
                  </button>
                  <div
                    class="flex flex-col items-center"
                  >
                    <span
                      class="text-lg font-semibold text-text-primary"
                    >
                      2
                    </span>
                    <span
                      class="text-xs font-medium text-text-muted"
                    >
                      guests
                    </span>
                  </div>
                  <button
                    aria-label="Increase guests"
                    class="inline-flex h-11 w-11 sm:h-12 sm:w-12 items-center justify-center rounded-full border border-border-subtle text-lg font-semibold text-text-primary transition hover:border-text-primary focus-visible:outline focus-visible:outline-2 focus-visible:outline-offset-2 focus-visible:outline-cta-secondary"
                    type="button"
                  >
                    +
                  </button>
                </div>
                <span
                  class="mt-2 text-sm leading-snug text-[color-mix(in_srgb,var(--text-primary)_78%,transparent)]"
                >
                  Defaulting to 2 guests; adjust anytime.
                </span>
              </div>
              <div
                class="flex h-full min-h-[112px] flex-col justify-between rounded-2xl border border-[color:color-mix(in_srgb,var(--border-subtle)_80%,transparent)] bg-[color:color-mix(in_srgb,var(--bg-muted)_92%,var(--bg-surface))] px-4 py-4 sm:px-5 sm:py-5 shadow-[0_12px_36px_rgba(6,8,15,0.32)] md:-ml-[1px] lg:min-h-[112px] lg:items-stretch lg:justify-center"
              >
                <button
                  aria-busy="false"
                  class="inline-flex h-14 min-h-[56px] w-full items-center justify-center rounded-xl bg-cta-primary px-6 text-base font-semibold text-[var(--text-contrast)] shadow-[0_16px_38px_rgba(12,86,255,0.32)] transition hover:bg-cta-secondary focus-visible:outline focus-visible:outline-2 focus-visible:outline-offset-2 focus-visible:outline-cta-secondary disabled:cursor-not-allowed disabled:bg-[color:color-mix(in_srgb,var(--cta-primary)_70%,var(--bg-muted))] disabled:text-[color-mix(in_srgb,var(--text-contrast)_82%,transparent)] disabled:shadow-none aria-busy:cursor-progress aria-busy:opacity-90 whitespace-nowrap"
                  type="submit"
                >
                  Check availability
                </button>
                <a
                  class="inline-flex items-center justify-center text-sm font-semibold text-text-muted underline-offset-4 transition hover:text-cta-secondary hover:underline focus-visible:outline focus-visible:outline-2 focus-visible:outline-offset-2 focus-visible:outline-cta-secondary whitespace-nowrap"
                  href="/#our-homes"
                >
                  Browse listings
                </a>
              </div>
            </div>
            <div
              class="flex flex-col gap-2 rounded-2xl bg-[color:color-mix(in_srgb,var(--bg-surface)_94%,transparent)] px-4 py-4 text-left shadow-inner md:flex-row md:items-center md:gap-4"
            >
              <div
                class="flex items-center gap-2 text-sm font-semibold text-text-primary"
              >
                <svg
                  aria-hidden="true"
                  class="lucide lucide-shield-check h-4 w-4 text-cta-secondary"
                  fill="none"
                  height="24"
                  stroke="currentColor"
                  stroke-linecap="round"
                  stroke-linejoin="round"
                  stroke-width="2"
                  viewBox="0 0 24 24"
                  width="24"
                  xmlns="http://www.w3.org/2000/svg"
                >
                  <path
                    d="M20 13c0 5-3.5 7.5-7.66 8.95a1 1 0 0 1-.67-.01C7.5 20.5 4 18 4 13V6a1 1 0 0 1 1-1c2 0 4.5-1.2 6.24-2.72a1.17 1.17 0 0 1 1.52 0C14.51 3.81 17 5 19 5a1 1 0 0 1 1 1z"
                  />
                  <path
                    d="m9 12 2 2 4-4"
                  />
                </svg>
                <span>
                  Book with confidence
                </span>
              </div>
              <p
                class="text-sm text-[color-mix(in_srgb,var(--text-primary)_78%,transparent)] md:border-l md:border-[color:color-mix(in_srgb,var(--text-muted)_60%,transparent)] md:pl-4"
              >
                Instant confirmation • Secure payments • No hidden charges
              </p>
            </div>
          </form>
        </div>
      </div>
      <div
        class="bg-bg-surface"
        data-testid="trust-badges"
      >
        <div
          class="mx-auto -mt-4 flex max-w-5xl flex-wrap items-center justify-center gap-3 px-4 pb-6 pt-2 sm:px-6 md:gap-4 md:pb-8 md:pt-0"
        >
          <div
            class="rb-trust-badge min-w-[215px] justify-center sm:min-w-[0]"
            tabindex="0"
          >
            <span
              aria-hidden="true"
              class="rb-trust-badge__icon"
            >
              <svg
                class="lucide lucide-circle-check"
                fill="none"
                height="20"
                stroke="currentColor"
                stroke-linecap="round"
                stroke-linejoin="round"
                stroke-width="2.1"
                viewBox="0 0 24 24"
                width="20"
                xmlns="http://www.w3.org/2000/svg"
              >
                <circle
                  cx="12"
                  cy="12"
                  r="10"
                />
                <path
                  d="m9 12 2 2 4-4"
                />
              </svg>
            </span>
            <span
              class="rb-trust-badge__label"
            >
              Verified homes
            </span>
          </div>
          <div
            class="rb-trust-badge min-w-[215px] justify-center sm:min-w-[0]"
            tabindex="0"
          >
            <span
              aria-hidden="true"
              class="rb-trust-badge__icon"
            >
              <svg
                class="lucide lucide-shield-check"
                fill="none"
                height="20"
                stroke="currentColor"
                stroke-linecap="round"
                stroke-linejoin="round"
                stroke-width="2.1"
                viewBox="0 0 24 24"
                width="20"
                xmlns="http://www.w3.org/2000/svg"
              >
                <path
                  d="M20 13c0 5-3.5 7.5-7.66 8.95a1 1 0 0 1-.67-.01C7.5 20.5 4 18 4 13V6a1 1 0 0 1 1-1c2 0 4.5-1.2 6.24-2.72a1.17 1.17 0 0 1 1.52 0C14.51 3.81 17 5 19 5a1 1 0 0 1 1 1z"
                />
                <path
                  d="m9 12 2 2 4-4"
                />
              </svg>
            </span>
            <span
              class="rb-trust-badge__label"
            >
              Secure Razorpay payments
            </span>
          </div>
          <div
            class="rb-trust-badge min-w-[215px] justify-center sm:min-w-[0]"
            tabindex="0"
          >
            <span
              aria-hidden="true"
              class="rb-trust-badge__icon"
            >
              <svg
                class="lucide lucide-badge-percent"
                fill="none"
                height="20"
                stroke="currentColor"
                stroke-linecap="round"
                stroke-linejoin="round"
                stroke-width="2.1"
                viewBox="0 0 24 24"
                width="20"
                xmlns="http://www.w3.org/2000/svg"
              >
                <path
                  d="M3.85 8.62a4 4 0 0 1 4.78-4.77 4 4 0 0 1 6.74 0 4 4 0 0 1 4.78 4.78 4 4 0 0 1 0 6.74 4 4 0 0 1-4.77 4.78 4 4 0 0 1-6.75 0 4 4 0 0 1-4.78-4.77 4 4 0 0 1 0-6.76Z"
                />
                <path
                  d="m15 9-6 6"
                />
                <path
                  d="M9 9h.01"
                />
                <path
                  d="M15 15h.01"
                />
              </svg>
            </span>
            <span
              class="rb-trust-badge__label"
            >
              No hidden fees
            </span>
          </div>
        </div>
      </div>
    </section>
  </div>
</DocumentFragment>
`;

exports[`Slider hero search > captures hero widget snapshots for desktop, tablet, and mobile > hero-widget-tablet 1`] = `
<DocumentFragment>
  <div
    data-router="true"
  >
    <section
      class="w-full bg-bg-muted text-text-primary"
    >
      <div
        class="relative isolate overflow-hidden min-h-[75vh] md:min-h-[70vh] flex items-center justify-center bg-cover bg-center bg-no-repeat pt-[calc(var(--nav-height,80px)+1rem)]"
        style="background-image: url(https://atlashomestorage.blob.core.windows.net/listing-images/fallback.jpeg);"
      >
        <div
          aria-hidden="true"
          class="pointer-events-none absolute inset-0 opacity-95"
          data-testid="hero-overlay"
          style="background-color: rgba(3, 6, 14, 0.74); background-image: url(linear-gradient-overlay);"
        />
        <div
          class="relative z-10 flex max-w-4xl flex-col items-center gap-7 px-4 pb-12 text-center sm:px-6 md:pt-3"
        >
          <a
            class="flex items-center gap-3"
            href="/"
          >
            <img
              alt="Atlas Homestays"
              class="h-14 w-auto rounded-md bg-[color:color-mix(in_srgb,var(--bg-surface)_88%,transparent)] p-2 shadow-level2"
              src="https://atlashomestorage.blob.core.windows.net/listing-images/logo-removebg-preview%20(3).be48d403.webp"
            />
            <span
              class="text-xl font-semibold text-[var(--text-contrast)] tracking-wide"
            >
              Atlas Homestays
            </span>
          </a>
          <div
            class="space-y-4 max-w-3xl"
          >
            <h1
              class="text-4xl md:text-6xl font-bold leading-tight text-[var(--text-on-hero)] drop-shadow-lg text-pretty"
              style="text-wrap: balance;"
            >
              Thoughtfully curated stays in Hyderabad
            </h1>
            <h2
              class="text-lg md:text-xl font-medium text-[color-mix(in_srgb,var(--text-on-hero)_88%,transparent)] text-pretty"
              style="text-wrap: balance;"
            >
              Discover verified apartments with flexible bookings, transparent pricing, and secure payments.
            </h2>
          </div>
          <form
            class="hero-form w-full max-w-5xl rounded-3xl bg-[color:color-mix(in_srgb,var(--bg-surface)_96%,rgba(3,6,14,0.45))] shadow-[0_20px_60px_rgba(0,0,0,0.45)] backdrop-blur-md border border-[color:color-mix(in_srgb,var(--bg-surface)_60%,transparent)] p-4 sm:p-5 md:p-6 flex flex-col gap-4 sm:gap-5"
            data-testid="hero-widget"
          >
            <div
              aria-live="polite"
              class="sr-only"
              role="status"
            >
              Hero form ready
            </div>
            <div
              class="hero-form-grid grid grid-cols-1 gap-3 sm:gap-4 md:grid-cols-2 md:auto-rows-fr lg:grid-cols-4 lg:gap-5"
            >
              <div
                class="relative"
              >
                <button
                  aria-expanded="false"
                  aria-label="Select check-in date"
                  class="flex h-full min-h-[112px] flex-col justify-between rounded-2xl border border-[color:color-mix(in_srgb,var(--border-subtle)_80%,transparent)] bg-[color:color-mix(in_srgb,var(--bg-muted)_92%,var(--bg-surface))] px-4 py-4 sm:px-5 sm:py-5 shadow-[0_12px_36px_rgba(6,8,15,0.32)] text-left transition focus-visible:outline focus-visible:outline-2 focus-visible:outline-offset-2 focus-visible:outline-cta-secondary"
                  data-testid="hero-date-toggle"
                  type="button"
                >
                  <span
                    class="flex items-center gap-2 text-xs font-semibold uppercase tracking-[0.08em] text-[color-mix(in_srgb,var(--text-primary)_80%,transparent)] whitespace-nowrap"
                  >
                    <svg
                      aria-hidden="true"
                      class="lucide lucide-calendar-range h-4 w-4 shrink-0"
                      fill="none"
                      height="24"
                      stroke="currentColor"
                      stroke-linecap="round"
                      stroke-linejoin="round"
                      stroke-width="2"
                      viewBox="0 0 24 24"
                      width="24"
                      xmlns="http://www.w3.org/2000/svg"
                    >
                      <rect
                        height="18"
                        rx="2"
                        width="18"
                        x="3"
                        y="4"
                      />
                      <path
                        d="M16 2v4"
                      />
                      <path
                        d="M3 10h18"
                      />
                      <path
                        d="M8 2v4"
                      />
                      <path
                        d="M17 14h-6"
                      />
                      <path
                        d="M13 18H7"
                      />
                      <path
                        d="M7 14h.01"
                      />
                      <path
                        d="M17 18h.01"
                      />
                    </svg>
                    <span
                      class="truncate"
                    >
                      Check-in
                    </span>
                  </span>
                  <span
                    class="mt-3 flex items-center justify-between gap-2 text-lg font-semibold text-text-primary leading-tight"
                  >
                    22 Dec 2025
                    <svg
                      aria-hidden="true"
                      class="lucide lucide-chevron-down h-4 w-4 shrink-0 text-text-muted transition"
                      fill="none"
                      height="24"
                      stroke="currentColor"
                      stroke-linecap="round"
                      stroke-linejoin="round"
                      stroke-width="2"
                      viewBox="0 0 24 24"
                      width="24"
                      xmlns="http://www.w3.org/2000/svg"
                    >
                      <path
                        d="m6 9 6 6 6-6"
                      />
                    </svg>
                  </span>
                  <span
                    class="mt-2 text-sm leading-snug text-[color-mix(in_srgb,var(--text-primary)_78%,transparent)]"
                  >
                    Earliest available date shown.
                  </span>
                </button>
              </div>
              <button
                aria-expanded="false"
                aria-label="Select check-out date"
                class="flex h-full min-h-[112px] flex-col justify-between rounded-2xl border border-[color:color-mix(in_srgb,var(--border-subtle)_80%,transparent)] bg-[color:color-mix(in_srgb,var(--bg-muted)_92%,var(--bg-surface))] px-4 py-4 sm:px-5 sm:py-5 shadow-[0_12px_36px_rgba(6,8,15,0.32)] text-left transition focus-visible:outline focus-visible:outline-2 focus-visible:outline-offset-2 focus-visible:outline-cta-secondary md:-ml-[1px]"
                type="button"
              >
                <span
                  class="flex items-center gap-2 text-xs font-semibold uppercase tracking-[0.08em] text-[color-mix(in_srgb,var(--text-primary)_80%,transparent)] whitespace-nowrap"
                >
                  <svg
                    aria-hidden="true"
                    class="lucide lucide-calendar-range h-4 w-4 shrink-0"
                    fill="none"
                    height="24"
                    stroke="currentColor"
                    stroke-linecap="round"
                    stroke-linejoin="round"
                    stroke-width="2"
                    viewBox="0 0 24 24"
                    width="24"
                    xmlns="http://www.w3.org/2000/svg"
                  >
                    <rect
                      height="18"
                      rx="2"
                      width="18"
                      x="3"
                      y="4"
                    />
                    <path
                      d="M16 2v4"
                    />
                    <path
                      d="M3 10h18"
                    />
                    <path
                      d="M8 2v4"
                    />
                    <path
                      d="M17 14h-6"
                    />
                    <path
                      d="M13 18H7"
                    />
                    <path
                      d="M7 14h.01"
                    />
                    <path
                      d="M17 18h.01"
                    />
                  </svg>
                  <span
                    class="truncate"
                  >
                    Check-out
                  </span>
                </span>
                <span
                  class="mt-3 flex items-center justify-between gap-2 text-lg font-semibold text-text-primary leading-tight"
                >
                  23 Dec 2025
                  <svg
                    aria-hidden="true"
                    class="lucide lucide-chevron-down h-4 w-4 shrink-0 text-text-muted transition"
                    fill="none"
                    height="24"
                    stroke="currentColor"
                    stroke-linecap="round"
                    stroke-linejoin="round"
                    stroke-width="2"
                    viewBox="0 0 24 24"
                    width="24"
                    xmlns="http://www.w3.org/2000/svg"
                  >
                    <path
                      d="m6 9 6 6 6-6"
                    />
                  </svg>
                </span>
                <span
                  class="mt-2 text-sm leading-snug text-[color-mix(in_srgb,var(--text-primary)_78%,transparent)]"
                >
                  Ensure your stay ends after check-in.
                </span>
              </button>
              <div
                class="flex h-full min-h-[112px] flex-col justify-between rounded-2xl border border-[color:color-mix(in_srgb,var(--border-subtle)_80%,transparent)] bg-[color:color-mix(in_srgb,var(--bg-muted)_92%,var(--bg-surface))] px-4 py-4 sm:px-5 sm:py-5 shadow-[0_12px_36px_rgba(6,8,15,0.32)] text-left md:-ml-[1px]"
              >
                <span
                  class="flex items-center gap-2 text-xs font-semibold uppercase tracking-[0.08em] text-[color-mix(in_srgb,var(--text-primary)_80%,transparent)] whitespace-nowrap"
                >
                  <svg
                    aria-hidden="true"
                    class="lucide lucide-users h-4 w-4 shrink-0"
                    fill="none"
                    height="24"
                    stroke="currentColor"
                    stroke-linecap="round"
                    stroke-linejoin="round"
                    stroke-width="2"
                    viewBox="0 0 24 24"
                    width="24"
                    xmlns="http://www.w3.org/2000/svg"
                  >
                    <path
                      d="M16 21v-2a4 4 0 0 0-4-4H6a4 4 0 0 0-4 4v2"
                    />
                    <circle
                      cx="9"
                      cy="7"
                      r="4"
                    />
                    <path
                      d="M22 21v-2a4 4 0 0 0-3-3.87"
                    />
                    <path
                      d="M16 3.13a4 4 0 0 1 0 7.75"
                    />
                  </svg>
                  <span
                    class="truncate"
                  >
                    Guests
                  </span>
                </span>
                <div
                  class="mt-3 flex items-center justify-between gap-3"
                >
                  <button
                    aria-label="Decrease guests"
                    class="inline-flex h-11 w-11 sm:h-12 sm:w-12 items-center justify-center rounded-full border border-border-subtle text-lg font-semibold text-text-primary transition hover:border-text-primary focus-visible:outline focus-visible:outline-2 focus-visible:outline-offset-2 focus-visible:outline-cta-secondary disabled:opacity-40 disabled:hover:border-border-subtle"
                    type="button"
                  >
                    −
                  </button>
                  <div
                    class="flex flex-col items-center"
                  >
                    <span
                      class="text-lg font-semibold text-text-primary"
                    >
                      2
                    </span>
                    <span
                      class="text-xs font-medium text-text-muted"
                    >
                      guests
                    </span>
                  </div>
                  <button
                    aria-label="Increase guests"
                    class="inline-flex h-11 w-11 sm:h-12 sm:w-12 items-center justify-center rounded-full border border-border-subtle text-lg font-semibold text-text-primary transition hover:border-text-primary focus-visible:outline focus-visible:outline-2 focus-visible:outline-offset-2 focus-visible:outline-cta-secondary"
                    type="button"
                  >
                    +
                  </button>
                </div>
                <span
                  class="mt-2 text-sm leading-snug text-[color-mix(in_srgb,var(--text-primary)_78%,transparent)]"
                >
                  Defaulting to 2 guests; adjust anytime.
                </span>
              </div>
              <div
                class="flex h-full min-h-[112px] flex-col justify-between rounded-2xl border border-[color:color-mix(in_srgb,var(--border-subtle)_80%,transparent)] bg-[color:color-mix(in_srgb,var(--bg-muted)_92%,var(--bg-surface))] px-4 py-4 sm:px-5 sm:py-5 shadow-[0_12px_36px_rgba(6,8,15,0.32)] md:-ml-[1px] lg:min-h-[112px] lg:items-stretch lg:justify-center"
              >
                <button
                  aria-busy="false"
                  class="inline-flex h-14 min-h-[56px] w-full items-center justify-center rounded-xl bg-cta-primary px-6 text-base font-semibold text-[var(--text-contrast)] shadow-[0_16px_38px_rgba(12,86,255,0.32)] transition hover:bg-cta-secondary focus-visible:outline focus-visible:outline-2 focus-visible:outline-offset-2 focus-visible:outline-cta-secondary disabled:cursor-not-allowed disabled:bg-[color:color-mix(in_srgb,var(--cta-primary)_70%,var(--bg-muted))] disabled:text-[color-mix(in_srgb,var(--text-contrast)_82%,transparent)] disabled:shadow-none aria-busy:cursor-progress aria-busy:opacity-90 whitespace-nowrap"
                  type="submit"
                >
                  Check availability
                </button>
                <a
                  class="inline-flex items-center justify-center text-sm font-semibold text-text-muted underline-offset-4 transition hover:text-cta-secondary hover:underline focus-visible:outline focus-visible:outline-2 focus-visible:outline-offset-2 focus-visible:outline-cta-secondary whitespace-nowrap"
                  href="/#our-homes"
                >
                  Browse listings
                </a>
              </div>
            </div>
            <div
              class="flex flex-col gap-2 rounded-2xl bg-[color:color-mix(in_srgb,var(--bg-surface)_94%,transparent)] px-4 py-4 text-left shadow-inner md:flex-row md:items-center md:gap-4"
            >
              <div
                class="flex items-center gap-2 text-sm font-semibold text-text-primary"
              >
                <svg
                  aria-hidden="true"
                  class="lucide lucide-shield-check h-4 w-4 text-cta-secondary"
                  fill="none"
                  height="24"
                  stroke="currentColor"
                  stroke-linecap="round"
                  stroke-linejoin="round"
                  stroke-width="2"
                  viewBox="0 0 24 24"
                  width="24"
                  xmlns="http://www.w3.org/2000/svg"
                >
                  <path
                    d="M20 13c0 5-3.5 7.5-7.66 8.95a1 1 0 0 1-.67-.01C7.5 20.5 4 18 4 13V6a1 1 0 0 1 1-1c2 0 4.5-1.2 6.24-2.72a1.17 1.17 0 0 1 1.52 0C14.51 3.81 17 5 19 5a1 1 0 0 1 1 1z"
                  />
                  <path
                    d="m9 12 2 2 4-4"
                  />
                </svg>
                <span>
                  Book with confidence
                </span>
              </div>
              <p
                class="text-sm text-[color-mix(in_srgb,var(--text-primary)_78%,transparent)] md:border-l md:border-[color:color-mix(in_srgb,var(--text-muted)_60%,transparent)] md:pl-4"
              >
                Instant confirmation • Secure payments • No hidden charges
              </p>
            </div>
          </form>
        </div>
      </div>
      <div
        class="bg-bg-surface"
        data-testid="trust-badges"
      >
        <div
          class="mx-auto -mt-4 flex max-w-5xl flex-wrap items-center justify-center gap-3 px-4 pb-6 pt-2 sm:px-6 md:gap-4 md:pb-8 md:pt-0"
        >
          <div
            class="rb-trust-badge min-w-[215px] justify-center sm:min-w-[0]"
            tabindex="0"
          >
            <span
              aria-hidden="true"
              class="rb-trust-badge__icon"
            >
              <svg
                class="lucide lucide-circle-check"
                fill="none"
                height="20"
                stroke="currentColor"
                stroke-linecap="round"
                stroke-linejoin="round"
                stroke-width="2.1"
                viewBox="0 0 24 24"
                width="20"
                xmlns="http://www.w3.org/2000/svg"
              >
                <circle
                  cx="12"
                  cy="12"
                  r="10"
                />
                <path
                  d="m9 12 2 2 4-4"
                />
              </svg>
            </span>
            <span
              class="rb-trust-badge__label"
            >
              Verified homes
            </span>
          </div>
          <div
            class="rb-trust-badge min-w-[215px] justify-center sm:min-w-[0]"
            tabindex="0"
          >
            <span
              aria-hidden="true"
              class="rb-trust-badge__icon"
            >
              <svg
                class="lucide lucide-shield-check"
                fill="none"
                height="20"
                stroke="currentColor"
                stroke-linecap="round"
                stroke-linejoin="round"
                stroke-width="2.1"
                viewBox="0 0 24 24"
                width="20"
                xmlns="http://www.w3.org/2000/svg"
              >
                <path
                  d="M20 13c0 5-3.5 7.5-7.66 8.95a1 1 0 0 1-.67-.01C7.5 20.5 4 18 4 13V6a1 1 0 0 1 1-1c2 0 4.5-1.2 6.24-2.72a1.17 1.17 0 0 1 1.52 0C14.51 3.81 17 5 19 5a1 1 0 0 1 1 1z"
                />
                <path
                  d="m9 12 2 2 4-4"
                />
              </svg>
            </span>
            <span
              class="rb-trust-badge__label"
            >
              Secure Razorpay payments
            </span>
          </div>
          <div
            class="rb-trust-badge min-w-[215px] justify-center sm:min-w-[0]"
            tabindex="0"
          >
            <span
              aria-hidden="true"
              class="rb-trust-badge__icon"
            >
              <svg
                class="lucide lucide-badge-percent"
                fill="none"
                height="20"
                stroke="currentColor"
                stroke-linecap="round"
                stroke-linejoin="round"
                stroke-width="2.1"
                viewBox="0 0 24 24"
                width="20"
                xmlns="http://www.w3.org/2000/svg"
              >
                <path
                  d="M3.85 8.62a4 4 0 0 1 4.78-4.77 4 4 0 0 1 6.74 0 4 4 0 0 1 4.78 4.78 4 4 0 0 1 0 6.74 4 4 0 0 1-4.77 4.78 4 4 0 0 1-6.75 0 4 4 0 0 1-4.78-4.77 4 4 0 0 1 0-6.76Z"
                />
                <path
                  d="m15 9-6 6"
                />
                <path
                  d="M9 9h.01"
                />
                <path
                  d="M15 15h.01"
                />
              </svg>
            </span>
            <span
              class="rb-trust-badge__label"
            >
              No hidden fees
            </span>
          </div>
        </div>
      </div>
    </section>
  </div>
</DocumentFragment>
`;
