// Vitest Snapshot v1, https://vitest.dev/guide/snapshot.html

exports[`Hero date picker > captures a stable mobile viewport snapshot > date-picker-mobile 1`] = `
<body
  style="overflow: hidden;"
>
  <div>
    <section
      class="w-full bg-bg-muted text-text-primary"
    >
      <div
        class="relative isolate overflow-hidden min-h-[min(78vh,820px)] md:min-h-[min(72vh,760px)] flex items-center justify-center bg-bg-muted bg-cover bg-center bg-no-repeat pt-[calc(var(--nav-height,80px)+1rem)] pb-8"
        style="background-image: url(https://atlashomestorage.blob.core.windows.net/listing-images/501/cover.jpg);"
      >
        <div
          aria-hidden="true"
          class="pointer-events-none absolute inset-0 opacity-95"
          data-testid="hero-overlay"
          style="background-color: rgba(7, 10, 18, 0.5); background-image: url(linear-gradient-overlay);"
        />
        <div
          class="relative z-10 flex max-w-4xl flex-col items-center gap-7 px-4 pb-12 text-center sm:px-6 md:pt-3"
        >
          <div
            class="space-y-4 max-w-3xl"
          >
            <h1
              class="text-4xl md:text-6xl font-bold leading-tight text-[var(--text-on-hero)] drop-shadow-lg text-pretty"
              style="text-wrap: balance;"
            >
              Thoughtfully curated stays in Hyderabad
            </h1>
            <h2
              class="text-lg md:text-xl font-medium text-[color-mix(in_srgb,var(--text-on-hero)_88%,transparent)] text-pretty"
              style="text-wrap: balance;"
            >
              Discover verified apartments with flexible bookings, transparent pricing, and secure payments.
            </h2>
          </div>
          <div
            data-testid="hero-widget"
          >
            <form
              class="hero-form w-full max-w-5xl rounded-[24px] bg-[var(--bg-surface)] shadow-[var(--shadow-level-3)] backdrop-blur-sm border border-[var(--border-subtle)] p-8 flex flex-col gap-6"
              data-testid="search-input"
              id="search-form"
            >
              <div
                aria-live="polite"
                class="sr-only"
                role="status"
              >
                Hero form ready.
              </div>
              <div
                class="hero-form-grid grid grid-cols-1 gap-6 md:grid-cols-2 md:auto-rows-fr lg:grid-cols-4"
              >
                <div
                  class="relative"
                >
                  <button
                    aria-controls=":rg:"
                    aria-expanded="true"
                    aria-label="Click to select check-in date, then choose from calendar"
                    class="field-card flex h-full min-h-[120px] flex-col justify-between rounded-2xl border border-[var(--border-subtle)] bg-[var(--bg-surface)] px-7 py-7 shadow-[var(--shadow-level-1)] hover:shadow-[var(--shadow-level-2)] hover:scale-[1.01] text-left transition focus-visible:outline focus-visible:outline-2 focus-visible:outline-offset-2 focus-visible:outline-cta-secondary ring-2 ring-[var(--cta-primary)] ring-offset-2"
                    data-testid="hero-date-toggle"
                    title="Click to select check-in date, then choose from calendar"
                    type="button"
                  >
                    <span
                      class="flex items-center gap-2.5 text-[10px] font-bold uppercase tracking-[0.10em] text-[var(--text-muted)] whitespace-nowrap"
                    >
                      <svg
                        aria-hidden="true"
                        class="lucide lucide-calendar-range h-[18px] w-[18px] shrink-0 text-[var(--text-muted)]"
                        fill="none"
                        height="24"
                        stroke="currentColor"
                        stroke-linecap="round"
                        stroke-linejoin="round"
                        stroke-width="2"
                        viewBox="0 0 24 24"
                        width="24"
                        xmlns="http://www.w3.org/2000/svg"
                      >
                        <rect
                          height="18"
                          rx="2"
                          width="18"
                          x="3"
                          y="4"
                        />
                        <path
                          d="M16 2v4"
                        />
                        <path
                          d="M3 10h18"
                        />
                        <path
                          d="M8 2v4"
                        />
                        <path
                          d="M17 14h-6"
                        />
                        <path
                          d="M13 18H7"
                        />
                        <path
                          d="M7 14h.01"
                        />
                        <path
                          d="M17 18h.01"
                        />
                      </svg>
                      <span
                        class="truncate"
                      >
                        Check-in
                      </span>
                    </span>
                    <span
                      class="date-value mt-4 flex items-center justify-between gap-2 text-[22px] font-medium text-[var(--text-primary)] leading-tight"
                    >
                      15 Feb 2026
                      <svg
                        aria-hidden="true"
                        class="lucide lucide-chevron-down h-[18px] w-[18px] shrink-0 text-[var(--text-muted)] transition-transform duration-200 rotate-180"
                        fill="none"
                        height="24"
                        stroke="currentColor"
                        stroke-linecap="round"
                        stroke-linejoin="round"
                        stroke-width="2"
                        viewBox="0 0 24 24"
                        width="24"
                        xmlns="http://www.w3.org/2000/svg"
                      >
                        <path
                          d="m6 9 6 6 6-6"
                        />
                      </svg>
                    </span>
                  </button>
                </div>
                <button
                  aria-controls=":rg:"
                  aria-expanded="true"
                  aria-label="Click to select check-out date, then choose from calendar"
                  class="field-card flex h-full min-h-[120px] flex-col justify-between rounded-2xl border border-[var(--border-subtle)] bg-[var(--bg-surface)] px-7 py-7 shadow-[var(--shadow-level-1)] hover:shadow-[var(--shadow-level-2)] hover:scale-[1.01] text-left transition focus-visible:outline focus-visible:outline-2 focus-visible:outline-offset-2 focus-visible:outline-cta-secondary md:-ml-[1px]"
                  title="Click to select check-out date, then choose from calendar"
                  type="button"
                >
                  <span
                    class="flex items-center gap-2.5 text-[10px] font-bold uppercase tracking-[0.10em] text-[var(--text-muted)] whitespace-nowrap"
                  >
                    <svg
                      aria-hidden="true"
                      class="lucide lucide-calendar-range h-[18px] w-[18px] shrink-0 text-[var(--text-muted)]"
                      fill="none"
                      height="24"
                      stroke="currentColor"
                      stroke-linecap="round"
                      stroke-linejoin="round"
                      stroke-width="2"
                      viewBox="0 0 24 24"
                      width="24"
                      xmlns="http://www.w3.org/2000/svg"
                    >
                      <rect
                        height="18"
                        rx="2"
                        width="18"
                        x="3"
                        y="4"
                      />
                      <path
                        d="M16 2v4"
                      />
                      <path
                        d="M3 10h18"
                      />
                      <path
                        d="M8 2v4"
                      />
                      <path
                        d="M17 14h-6"
                      />
                      <path
                        d="M13 18H7"
                      />
                      <path
                        d="M7 14h.01"
                      />
                      <path
                        d="M17 18h.01"
                      />
                    </svg>
                    <span
                      class="truncate"
                    >
                      Check-out
                    </span>
                  </span>
                  <span
                    class="date-value mt-4 flex items-center justify-between gap-2 text-[22px] font-medium text-[var(--text-primary)] leading-tight"
                  >
                    16 Feb 2026
                    <svg
                      aria-hidden="true"
                      class="lucide lucide-chevron-down h-[18px] w-[18px] shrink-0 text-[var(--text-muted)] transition-transform duration-200 rotate-180"
                      fill="none"
                      height="24"
                      stroke="currentColor"
                      stroke-linecap="round"
                      stroke-linejoin="round"
                      stroke-width="2"
                      viewBox="0 0 24 24"
                      width="24"
                      xmlns="http://www.w3.org/2000/svg"
                    >
                      <path
                        d="m6 9 6 6 6-6"
                      />
                    </svg>
                  </span>
                  <div
                    class="mt-3 flex items-center justify-center"
                  >
                    <span
                      class="inline-flex items-center gap-1.5 text-sm font-semibold text-[var(--accent-primary)] bg-[var(--bg-muted)] px-3 py-1.5 rounded-lg"
                    >
                      1 night
                    </span>
                  </div>
                </button>
                <div
                  class="relative"
                >
                  <button
                    aria-expanded="false"
                    aria-label="Select guests"
                    class="field-card flex h-full min-h-[120px] flex-col justify-between rounded-2xl border border-[var(--border-subtle)] bg-[var(--bg-surface)] px-7 py-7 shadow-[var(--shadow-level-1)] hover:shadow-[var(--shadow-level-2)] hover:scale-[1.01] text-left w-full transition-all focus-visible:outline focus-visible:outline-2 focus-visible:outline-offset-2 focus-visible:outline-[var(--cta-primary)]"
                    type="button"
                  >
                    <span
                      class="flex items-center gap-2.5 text-[10px] font-bold uppercase tracking-[0.10em] text-[var(--text-muted)] whitespace-nowrap"
                    >
                      <svg
                        aria-hidden="true"
                        class="lucide lucide-users h-[18px] w-[18px] shrink-0 text-[var(--text-muted)]"
                        fill="none"
                        height="24"
                        stroke="currentColor"
                        stroke-linecap="round"
                        stroke-linejoin="round"
                        stroke-width="2"
                        viewBox="0 0 24 24"
                        width="24"
                        xmlns="http://www.w3.org/2000/svg"
                      >
                        <path
                          d="M16 21v-2a4 4 0 0 0-4-4H6a4 4 0 0 0-4 4v2"
                        />
                        <path
                          d="M16 3.128a4 4 0 0 1 0 7.744"
                        />
                        <path
                          d="M22 21v-2a4 4 0 0 0-3-3.87"
                        />
                        <circle
                          cx="9"
                          cy="7"
                          r="4"
                        />
                      </svg>
                      <span
                        class="truncate"
                      >
                        Guests
                      </span>
                    </span>
                    <span
                      class="guest-value mt-4 flex items-center justify-between gap-2 text-[22px] font-medium text-[var(--text-primary)] leading-tight"
                    >
                      1 guest
                      <svg
                        aria-hidden="true"
                        class="lucide lucide-chevron-down h-[18px] w-[18px] shrink-0 text-[var(--text-muted)] transition-transform duration-200"
                        fill="none"
                        height="24"
                        stroke="currentColor"
                        stroke-linecap="round"
                        stroke-linejoin="round"
                        stroke-width="2"
                        viewBox="0 0 24 24"
                        width="24"
                        xmlns="http://www.w3.org/2000/svg"
                      >
                        <path
                          d="m6 9 6 6 6-6"
                        />
                      </svg>
                    </span>
                    <p
                      class="mt-3 text-[12px] leading-relaxed text-[var(--text-muted)]"
                    >
                      Maximum 
                      20
                       guests
                    </p>
                  </button>
                </div>
                <div
                  class="field-card flex h-full min-h-[120px] flex-col justify-between rounded-2xl border border-[var(--border-subtle)] bg-[var(--bg-surface)] px-7 py-7 shadow-[var(--shadow-level-1)] hover:shadow-[var(--shadow-level-2)] hover:scale-[1.01] md:-ml-[1px] lg:min-h-[120px] lg:items-stretch lg:justify-center lg:flex-col"
                >
                  <button
                    aria-busy="false"
                    class="inline-flex h-[60px] w-full items-center justify-center rounded-[14px] bg-gradient-to-br from-[var(--cta-primary)] to-[var(--cta-primary-hover)] px-6 text-base font-semibold tracking-[0.02em] text-white shadow-[var(--shadow-level-2)] transition-all hover:scale-[1.02] hover:shadow-[var(--shadow-level-3)] active:scale-[0.98] focus-visible:outline focus-visible:outline-2 focus-visible:outline-offset-2 focus-visible:outline-[var(--cta-primary)] disabled:cursor-not-allowed disabled:opacity-60 disabled:shadow-none disabled:hover:scale-100 aria-busy:cursor-progress aria-busy:opacity-90 whitespace-nowrap"
                    data-testid="hero-search-submit"
                    type="submit"
                  >
                    Check availability
                  </button>
                  <a
                    class="group inline-flex items-center justify-center gap-1 text-[14px] font-medium text-[var(--cta-primary)] transition-all hover:text-[var(--text-body)] focus-visible:outline focus-visible:outline-2 focus-visible:outline-offset-2 focus-visible:outline-[#475569] whitespace-nowrap mt-3"
                    href="/#our-homes"
                  >
                    Browse all apartments
                    <span
                      class="inline-block transition-transform group-hover:translate-x-1"
                    >
                      →
                    </span>
                  </a>
                </div>
              </div>
              <div
                class="flex flex-col gap-3 rounded-2xl bg-[var(--bg-surface)] border border-[var(--bg-muted)] px-6 py-5 text-left md:flex-row md:items-center md:gap-4"
              >
                <div
                  class="flex items-center gap-2 text-[15px] font-bold text-[var(--text-body)]"
                >
                  <svg
                    aria-hidden="true"
                    class="lucide lucide-shield-check h-4 w-4 text-[var(--cta-primary)]"
                    fill="none"
                    height="24"
                    stroke="currentColor"
                    stroke-linecap="round"
                    stroke-linejoin="round"
                    stroke-width="2"
                    viewBox="0 0 24 24"
                    width="24"
                    xmlns="http://www.w3.org/2000/svg"
                  >
                    <path
                      d="M20 13c0 5-3.5 7.5-7.66 8.95a1 1 0 0 1-.67-.01C7.5 20.5 4 18 4 13V6a1 1 0 0 1 1-1c2 0 4.5-1.2 6.24-2.72a1.17 1.17 0 0 1 1.52 0C14.51 3.81 17 5 19 5a1 1 0 0 1 1 1z"
                    />
                    <path
                      d="m9 12 2 2 4-4"
                    />
                  </svg>
                  <span>
                    Book with confidence
                  </span>
                </div>
                <p
                  class="text-[13px] text-[var(--cta-primary)] md:border-l md:border-[var(--border-subtle)] md:pl-4"
                >
                  Instant confirmation • Secure payment • Flexible cancellation
                </p>
              </div>
            </form>
          </div>
          <a
            class="mt-2 inline-flex items-center gap-2 rounded-full border border-white/30 bg-white/10 px-5 py-2.5 text-sm font-semibold text-[var(--text-on-hero)] backdrop-blur-sm transition hover:bg-white/20 hover:border-white/50"
            href="/become-a-host"
          >
            <svg
              aria-hidden="true"
              class="lucide lucide-house h-4 w-4"
              fill="none"
              height="24"
              stroke="currentColor"
              stroke-linecap="round"
              stroke-linejoin="round"
              stroke-width="2"
              viewBox="0 0 24 24"
              width="24"
              xmlns="http://www.w3.org/2000/svg"
            >
              <path
                d="M15 21v-8a1 1 0 0 0-1-1h-4a1 1 0 0 0-1 1v8"
              />
              <path
                d="M3 10a2 2 0 0 1 .709-1.528l7-6a2 2 0 0 1 2.582 0l7 6A2 2 0 0 1 21 10v9a2 2 0 0 1-2 2H5a2 2 0 0 1-2-2z"
              />
            </svg>
            List your property — it's free
          </a>
        </div>
      </div>
      <div
        class="bg-bg-surface"
        data-testid="trust-badges"
      >
        <div
          class="mx-auto -mt-4 flex max-w-5xl flex-wrap items-center justify-center gap-3 px-4 pb-6 pt-2 sm:px-6 md:gap-4 md:pb-8 md:pt-0"
        >
          <div
            class="rb-trust-badge min-w-[215px] justify-center sm:min-w-[0]"
            tabindex="0"
          >
            <span
              aria-hidden="true"
              class="rb-trust-badge__icon"
            >
              <svg
                aria-hidden="true"
                class="lucide lucide-circle-check"
                fill="none"
                height="20"
                stroke="currentColor"
                stroke-linecap="round"
                stroke-linejoin="round"
                stroke-width="2.1"
                viewBox="0 0 24 24"
                width="20"
                xmlns="http://www.w3.org/2000/svg"
              >
                <circle
                  cx="12"
                  cy="12"
                  r="10"
                />
                <path
                  d="m9 12 2 2 4-4"
                />
              </svg>
            </span>
            <span
              class="rb-trust-badge__label"
            >
              Verified homes
            </span>
          </div>
          <div
            class="rb-trust-badge min-w-[215px] justify-center sm:min-w-[0]"
            tabindex="0"
          >
            <span
              aria-hidden="true"
              class="rb-trust-badge__icon"
            >
              <svg
                aria-hidden="true"
                class="lucide lucide-shield-check"
                fill="none"
                height="20"
                stroke="currentColor"
                stroke-linecap="round"
                stroke-linejoin="round"
                stroke-width="2.1"
                viewBox="0 0 24 24"
                width="20"
                xmlns="http://www.w3.org/2000/svg"
              >
                <path
                  d="M20 13c0 5-3.5 7.5-7.66 8.95a1 1 0 0 1-.67-.01C7.5 20.5 4 18 4 13V6a1 1 0 0 1 1-1c2 0 4.5-1.2 6.24-2.72a1.17 1.17 0 0 1 1.52 0C14.51 3.81 17 5 19 5a1 1 0 0 1 1 1z"
                />
                <path
                  d="m9 12 2 2 4-4"
                />
              </svg>
            </span>
            <span
              class="rb-trust-badge__label"
            >
              Secure Razorpay payments
            </span>
          </div>
          <div
            class="rb-trust-badge min-w-[215px] justify-center sm:min-w-[0]"
            tabindex="0"
          >
            <span
              aria-hidden="true"
              class="rb-trust-badge__icon"
            >
              <svg
                aria-hidden="true"
                class="lucide lucide-badge-percent"
                fill="none"
                height="20"
                stroke="currentColor"
                stroke-linecap="round"
                stroke-linejoin="round"
                stroke-width="2.1"
                viewBox="0 0 24 24"
                width="20"
                xmlns="http://www.w3.org/2000/svg"
              >
                <path
                  d="M3.85 8.62a4 4 0 0 1 4.78-4.77 4 4 0 0 1 6.74 0 4 4 0 0 1 4.78 4.78 4 4 0 0 1 0 6.74 4 4 0 0 1-4.77 4.78 4 4 0 0 1-6.75 0 4 4 0 0 1-4.78-4.77 4 4 0 0 1 0-6.76Z"
                />
                <path
                  d="m15 9-6 6"
                />
                <path
                  d="M9 9h.01"
                />
                <path
                  d="M15 15h.01"
                />
              </svg>
            </span>
            <span
              class="rb-trust-badge__label"
            >
              No hidden fees
            </span>
          </div>
        </div>
      </div>
    </section>
  </div>
  <div
    aria-hidden="true"
    class="fixed inset-0 pointer-events-none bg-transparent z-[90]"
  />
  <div
    aria-labelledby=":rh:"
    aria-modal="true"
    class="booking-calendar-popover absolute z-[95] rounded-[20px] border border-[var(--border-subtle)] bg-[var(--bg-surface)] shadow-[0_32px_96px_rgba(15,23,42,0.12),0_16px_48px_rgba(15,23,42,0.08)]"
    id=":rg:"
    role="dialog"
    style="top: 230px; left: 12px; width: auto; min-width: 366px; max-width: min(640px, calc(100vw - 48px));"
    tabindex="-1"
  >
    <div
      aria-hidden="true"
      class="pointer-events-none absolute -top-2 h-4 w-4 rotate-45 border border-[var(--border-subtle)] border-b-transparent border-r-transparent bg-[var(--bg-surface)]"
      style="left: 310px;"
    />
    <div
      class="flex items-center justify-between px-6 py-5 border-b border-[var(--bg-muted)] bg-[var(--bg-surface)]"
    >
      <div
        class="flex items-center gap-2"
      >
        <p
          class="text-[17px] font-semibold text-[var(--text-primary)]"
          id=":rh:"
        >
          Choose your stay dates
        </p>
        <span
          aria-label="Click to select check-in date, then choose from calendar"
          class="inline-flex h-5 w-5 items-center justify-center rounded-full border border-[var(--border-subtle)] text-[11px] font-semibold text-[var(--text-muted)]"
          title="Click a date for check-in, then a later date for check-out."
        >
          ?
        </span>
      </div>
    </div>
    <div
      class="max-h-[70vh] overflow-y-auto overflow-x-hidden p-5"
      style="pointer-events: auto;"
    >
      <div
        aria-live="polite"
        class="mx-5 mt-4 mb-2 rounded-lg px-4 py-2 text-sm font-semibold bg-slate-50 text-slate-900"
      >
        <span
          aria-hidden="true"
          class="mr-2 inline-block h-2.5 w-2.5 rounded-full bg-slate-500"
        />
        Range selected: 1 night
      </div>
      <div
        class="relative"
      >
        <div
          data-months="1"
          data-testid="date-range-mock"
        >
          Calendar showing 
          1
           month
        </div>
      </div>
      <p
        aria-live="polite"
        class="sr-only"
      >
        Loading calendar…
      </p>
    </div>
  </div>
</body>
`;
