2026-02-26T10:40:19.946Z INFO Is remote: false
2026-02-26T10:40:19.947Z INFO Starting Local. Installation path: c:\Users\sidha\OneDrive\ドキュメント\10k coders projects\data
2026-02-26T10:40:19.948Z INFO [MainProvider] Creating new MainProvider instance...
2026-02-26T10:40:19.949Z INFO [TabsManager] Code view listener set up at initialization
2026-02-26T10:40:19.950Z INFO Installation path exists: c:\Users\sidha\OneDrive\ドキュメント\10k coders projects\data
2026-02-26T10:40:19.952Z INFO Initializing database with URL: file:c:\Users\sidha\OneDrive\ドキュメント\10k coders projects\data\pythagora-core\data\database\pythagora.db
2026-02-26T10:40:19.967Z INFO Database file exists, skipping prisma generate/push for faster startup
2026-02-26T10:40:19.968Z INFO Database initialized successfully
2026-02-26T10:40:19.969Z INFO [Migration] Checking for database migration...
2026-02-26T10:40:20.346Z INFO [Migration] No migration needed
2026-02-26T10:43:55.791Z INFO Closing entire Pythagora extension...
2026-02-26T10:43:55.816Z ERROR Error closing extension
Error: Canceled
Stack: Canceled: Canceled
	at new rU (file:///c:/Users/sidha/AppData/Local/Programs/Microsoft%20VS%20Code/072586267e/resources/app/out/vs/workbench/api/node/extensionHostProcess.js:29:120928)
	at LE.U (file:///c:/Users/sidha/AppData/Local/Programs/Microsoft%20VS%20Code/072586267e/resources/app/out/vs/workbench/api/node/extensionHostProcess.js:29:125538)
	at r.<computed>.n.charCodeAt.r.<computed> (file:///c:/Users/sidha/AppData/Local/Programs/Microsoft%20VS%20Code/072586267e/resources/app/out/vs/workbench/api/node/extensionHostProcess.js:29:123032)
	at CA.g (file:///c:/Users/sidha/AppData/Local/Programs/Microsoft%20VS%20Code/072586267e/resources/app/out/vs/workbench/api/node/extensionHostProcess.js:116:41231)
	at CA.executeCommand (file:///c:/Users/sidha/AppData/Local/Programs/Microsoft%20VS%20Code/072586267e/resources/app/out/vs/workbench/api/node/extensionHostProcess.js:116:40735)
	at Object.executeCommand (file:///c:/Users/sidha/AppData/Local/Programs/Microsoft%20VS%20Code/072586267e/resources/app/out/vs/workbench/api/node/extensionHostProcess.js:213:104946)
	at closeEntirePythagoraExtension (c:\Users\sidha\.vscode\extensions\pythagoratechnologies.pythagora-vs-code-2.6.19\out\extension.js:542:31)
	at Object.deactivate (c:\Users\sidha\.vscode\extensions\pythagoratechnologies.pythagora-vs-code-2.6.19\out\extension.js:409:15)
	at pee.eb (file:///c:/Users/sidha/AppData/Local/Programs/Microsoft%20VS%20Code/072586267e/resources/app/out/vs/workbench/api/node/extensionHostProcess.js:120:11880)
	at file:///c:/Users/sidha/AppData/Local/Programs/Microsoft%20VS%20Code/072586267e/resources/app/out/vs/workbench/api/node/extensionHostProcess.js:120:10030
	at Array.map (<anonymous>)
	at pee.$ (file:///c:/Users/sidha/AppData/Local/Programs/Microsoft%20VS%20Code/072586267e/resources/app/out/vs/workbench/api/node/extensionHostProcess.js:120:10018)
	at pee.terminate (file:///c:/Users/sidha/AppData/Local/Programs/Microsoft%20VS%20Code/072586267e/resources/app/out/vs/workbench/api/node/extensionHostProcess.js:120:10261)
	at nR.terminate (file:///c:/Users/sidha/AppData/Local/Programs/Microsoft%20VS%20Code/072586267e/resources/app/out/vs/workbench/api/node/extensionHostProcess.js:122:914)
	at zr (file:///c:/Users/sidha/AppData/Local/Programs/Microsoft%20VS%20Code/072586267e/resources/app/out/vs/workbench/api/node/extensionHostProcess.js:405:11144)
	at MessagePortMain.<anonymous> (file:///c:/Users/sidha/AppData/Local/Programs/Microsoft%20VS%20Code/072586267e/resources/app/out/vs/workbench/api/node/extensionHostProcess.js:405:7611)
	at MessagePortMain.emit (node:events:519:28)
	at MessagePortMain._internalPort.emit (node:electron/js2c/utility_init:2:2959)
	at Object.callbackTrampoline (node:internal/async_hooks:130:17)
Extra context: {
  "message": "Canceled"
}
2026-02-26T10:53:34.975Z INFO Is remote: false
2026-02-26T10:53:34.977Z INFO Starting Local. Installation path: c:\Users\sidha\OneDrive\ドキュメント\10k coders projects\data
2026-02-26T10:53:34.978Z INFO [MainProvider] Creating new MainProvider instance...
2026-02-26T10:53:34.979Z INFO [TabsManager] Code view listener set up at initialization
2026-02-26T10:53:34.980Z INFO Installation path exists: c:\Users\sidha\OneDrive\ドキュメント\10k coders projects\data
2026-02-26T10:53:34.981Z INFO Initializing database with URL: file:c:\Users\sidha\OneDrive\ドキュメント\10k coders projects\data\pythagora-core\data\database\pythagora.db
2026-02-26T10:53:34.985Z INFO Database file exists, skipping prisma generate/push for faster startup
2026-02-26T10:53:34.985Z INFO Database initialized successfully
2026-02-26T10:53:34.986Z INFO [Migration] Checking for database migration...
2026-02-26T10:53:35.426Z INFO [Migration] No migration needed
2026-02-26T10:53:55.222Z INFO [TabsManager] First file opened, triggering split view
2026-02-26T10:53:55.223Z INFO [MainProvider] First file opened, creating split view
2026-02-26T10:54:12.899Z INFO Closing entire Pythagora extension...
2026-02-26T10:54:12.925Z ERROR Error closing extension
Error: Canceled
Stack: Canceled: Canceled
	at new rU (file:///c:/Users/sidha/AppData/Local/Programs/Microsoft%20VS%20Code/072586267e/resources/app/out/vs/workbench/api/node/extensionHostProcess.js:29:120928)
	at LE.U (file:///c:/Users/sidha/AppData/Local/Programs/Microsoft%20VS%20Code/072586267e/resources/app/out/vs/workbench/api/node/extensionHostProcess.js:29:125538)
	at r.<computed>.n.charCodeAt.r.<computed> (file:///c:/Users/sidha/AppData/Local/Programs/Microsoft%20VS%20Code/072586267e/resources/app/out/vs/workbench/api/node/extensionHostProcess.js:29:123032)
	at CA.g (file:///c:/Users/sidha/AppData/Local/Programs/Microsoft%20VS%20Code/072586267e/resources/app/out/vs/workbench/api/node/extensionHostProcess.js:116:41231)
	at CA.executeCommand (file:///c:/Users/sidha/AppData/Local/Programs/Microsoft%20VS%20Code/072586267e/resources/app/out/vs/workbench/api/node/extensionHostProcess.js:116:40735)
	at Object.executeCommand (file:///c:/Users/sidha/AppData/Local/Programs/Microsoft%20VS%20Code/072586267e/resources/app/out/vs/workbench/api/node/extensionHostProcess.js:213:104946)
	at closeEntirePythagoraExtension (c:\Users\sidha\.vscode\extensions\pythagoratechnologies.pythagora-vs-code-2.6.19\out\extension.js:542:31)
	at Object.deactivate (c:\Users\sidha\.vscode\extensions\pythagoratechnologies.pythagora-vs-code-2.6.19\out\extension.js:409:15)
	at pee.eb (file:///c:/Users/sidha/AppData/Local/Programs/Microsoft%20VS%20Code/072586267e/resources/app/out/vs/workbench/api/node/extensionHostProcess.js:120:11880)
	at file:///c:/Users/sidha/AppData/Local/Programs/Microsoft%20VS%20Code/072586267e/resources/app/out/vs/workbench/api/node/extensionHostProcess.js:120:10030
	at Array.map (<anonymous>)
	at pee.$ (file:///c:/Users/sidha/AppData/Local/Programs/Microsoft%20VS%20Code/072586267e/resources/app/out/vs/workbench/api/node/extensionHostProcess.js:120:10018)
	at pee.terminate (file:///c:/Users/sidha/AppData/Local/Programs/Microsoft%20VS%20Code/072586267e/resources/app/out/vs/workbench/api/node/extensionHostProcess.js:120:10261)
	at nR.terminate (file:///c:/Users/sidha/AppData/Local/Programs/Microsoft%20VS%20Code/072586267e/resources/app/out/vs/workbench/api/node/extensionHostProcess.js:122:914)
	at zr (file:///c:/Users/sidha/AppData/Local/Programs/Microsoft%20VS%20Code/072586267e/resources/app/out/vs/workbench/api/node/extensionHostProcess.js:405:11144)
	at MessagePortMain.<anonymous> (file:///c:/Users/sidha/AppData/Local/Programs/Microsoft%20VS%20Code/072586267e/resources/app/out/vs/workbench/api/node/extensionHostProcess.js:405:7611)
	at MessagePortMain.emit (node:events:519:28)
	at MessagePortMain._internalPort.emit (node:electron/js2c/utility_init:2:2959)
Extra context: {
  "message": "Canceled"
}
2026-02-27T11:07:55.103Z INFO Is remote: false
2026-02-27T11:07:55.106Z INFO Starting Local. Installation path: c:\Users\sidha\OneDrive\ドキュメント\10k coders projects\data
2026-02-27T11:07:55.108Z INFO [MainProvider] Creating new MainProvider instance...
2026-02-27T11:07:55.110Z INFO [TabsManager] Code view listener set up at initialization
2026-02-27T11:07:55.115Z INFO Installation path exists: c:\Users\sidha\OneDrive\ドキュメント\10k coders projects\data
2026-02-27T11:07:55.116Z INFO Initializing database with URL: file:c:\Users\sidha\OneDrive\ドキュメント\10k coders projects\data\pythagora-core\data\database\pythagora.db
2026-02-27T11:07:55.129Z INFO Database file exists, skipping prisma generate/push for faster startup
2026-02-27T11:07:55.130Z INFO Database initialized successfully
2026-02-27T11:07:55.132Z INFO [Migration] Checking for database migration...
2026-02-27T11:07:56.454Z INFO [Migration] No migration needed
2026-02-27T11:09:38.740Z INFO Closing entire Pythagora extension...
2026-02-27T11:09:38.749Z ERROR Error closing extension
Error: Canceled
Stack: Canceled: Canceled
	at new rU (file:///c:/Users/sidha/AppData/Local/Programs/Microsoft%20VS%20Code/072586267e/resources/app/out/vs/workbench/api/node/extensionHostProcess.js:29:120928)
	at LE.U (file:///c:/Users/sidha/AppData/Local/Programs/Microsoft%20VS%20Code/072586267e/resources/app/out/vs/workbench/api/node/extensionHostProcess.js:29:125538)
	at r.<computed>.n.charCodeAt.r.<computed> (file:///c:/Users/sidha/AppData/Local/Programs/Microsoft%20VS%20Code/072586267e/resources/app/out/vs/workbench/api/node/extensionHostProcess.js:29:123032)
	at CA.g (file:///c:/Users/sidha/AppData/Local/Programs/Microsoft%20VS%20Code/072586267e/resources/app/out/vs/workbench/api/node/extensionHostProcess.js:116:41231)
	at CA.executeCommand (file:///c:/Users/sidha/AppData/Local/Programs/Microsoft%20VS%20Code/072586267e/resources/app/out/vs/workbench/api/node/extensionHostProcess.js:116:40735)
	at Object.executeCommand (file:///c:/Users/sidha/AppData/Local/Programs/Microsoft%20VS%20Code/072586267e/resources/app/out/vs/workbench/api/node/extensionHostProcess.js:213:104946)
	at closeEntirePythagoraExtension (c:\Users\sidha\.vscode\extensions\pythagoratechnologies.pythagora-vs-code-2.6.19\out\extension.js:542:31)
	at Object.deactivate (c:\Users\sidha\.vscode\extensions\pythagoratechnologies.pythagora-vs-code-2.6.19\out\extension.js:409:15)
	at pee.eb (file:///c:/Users/sidha/AppData/Local/Programs/Microsoft%20VS%20Code/072586267e/resources/app/out/vs/workbench/api/node/extensionHostProcess.js:120:11880)
	at file:///c:/Users/sidha/AppData/Local/Programs/Microsoft%20VS%20Code/072586267e/resources/app/out/vs/workbench/api/node/extensionHostProcess.js:120:10030
	at Array.map (<anonymous>)
	at pee.$ (file:///c:/Users/sidha/AppData/Local/Programs/Microsoft%20VS%20Code/072586267e/resources/app/out/vs/workbench/api/node/extensionHostProcess.js:120:10018)
	at pee.terminate (file:///c:/Users/sidha/AppData/Local/Programs/Microsoft%20VS%20Code/072586267e/resources/app/out/vs/workbench/api/node/extensionHostProcess.js:120:10261)
	at nR.terminate (file:///c:/Users/sidha/AppData/Local/Programs/Microsoft%20VS%20Code/072586267e/resources/app/out/vs/workbench/api/node/extensionHostProcess.js:122:914)
	at zr (file:///c:/Users/sidha/AppData/Local/Programs/Microsoft%20VS%20Code/072586267e/resources/app/out/vs/workbench/api/node/extensionHostProcess.js:405:11144)
	at MessagePortMain.<anonymous> (file:///c:/Users/sidha/AppData/Local/Programs/Microsoft%20VS%20Code/072586267e/resources/app/out/vs/workbench/api/node/extensionHostProcess.js:405:7611)
	at MessagePortMain.emit (node:events:519:28)
	at MessagePortMain._internalPort.emit (node:electron/js2c/utility_init:2:2959)
Extra context: {
  "message": "Canceled"
}
